Release 14.7 Map P.20131013 (nt)
Xilinx Map Application Log File for Design 'pb_fb_DRAM_ctrl'

Design Information
------------------
Command Line   : map -intstyle ise -p xc6slx16-ftg256-2 -w -logic_opt off -ol
high -t 1 -xt 0 -register_duplication off -r 4 -global_opt off -mt off -ir off
-pr off -lc off -power off -o pb_fb_DRAM_ctrl_map.ncd pb_fb_DRAM_ctrl.ngd
pb_fb_DRAM_ctrl.pcf 
Target Device  : xc6slx16
Target Package : ftg256
Target Speed   : -2
Mapper Version : spartan6 -- $Revision: 1.55 $
Mapped Date    : Sun Mar 22 13:24:29 2020

Mapping design into LUTs...
Running directed packing...
Running delay-based LUT packing...
Updating timing models...
INFO:Map:215 - The Interim Design Summary has been generated in the MAP Report
   (.mrp).
Running timing-driven placement...
Total REAL time at the beginning of Placer: 2 secs 
Total CPU  time at the beginning of Placer: 2 secs 

Phase 1.1  Initial Placement Analysis
Phase 1.1  Initial Placement Analysis (Checksum:1c2f5) REAL time: 3 secs 

Phase 2.7  Design Feasibility Check
Phase 2.7  Design Feasibility Check (Checksum:1c2f5) REAL time: 3 secs 

Phase 3.31  Local Placement Optimization
Phase 3.31  Local Placement Optimization (Checksum:1c2f5) REAL time: 3 secs 

Phase 4.2  Initial Placement for Architecture Specific Features
