Release 14.7 - xst P.20131013 (nt)
Copyright (c) 1995-2013 Xilinx, Inc.  All rights reserved.
--> Parameter TMPDIR set to xst/projnav.tmp


Total REAL time to Xst completion: 0.00 secs
Total CPU time to Xst completion: 0.14 secs
 
--> Parameter xsthdpdir set to xst


Total REAL time to Xst completion: 0.00 secs
Total CPU time to Xst completion: 0.14 secs
 
--> Reading design: pb_fb_bootrom.prj

TABLE OF CONTENTS
  1) Synthesis Options Summary
  2) HDL Parsing
  3) HDL Elaboration
  4) HDL Synthesis
       4.1) HDL Synthesis Report
  5) Advanced HDL Synthesis
       5.1) Advanced HDL Synthesis Report
  6) Low Level Synthesis
  7) Partition Report
  8) Design Summary
       8.1) Primitive and Black Box Usage
       8.2) Device utilization summary
       8.3) Partition Resource Summary
       8.4) Timing Report
            8.4.1) Clock Information
            8.4.2) Asynchronous Control Signals Information
            8.4.3) Timing Summary
            8.4.4) Timing Details
            8.4.5) Cross Clock Domains Report


=========================================================================
*                      Synthesis Options Summary                        *
=========================================================================
---- Source Parameters
Input File Name                    : "pb_fb_bootrom.prj"
Ignore Synthesis Constraint File   : NO

---- Target Parameters
Output File Name                   : "pb_fb_bootrom"
Output Format                      : NGC
Target Device                      : xc6slx16-2-ftg256

---- Source Options
Top Module Name                    : pb_fb_bootrom
Automatic FSM Extraction           : YES
FSM Encoding Algorithm             : Auto
Safe Implementation                : No
FSM Style                          : LUT
RAM Extraction                     : Yes
RAM Style                          : Auto
ROM Extraction                     : Yes
Shift Register Extraction          : YES
ROM Style                          : Auto
Resource Sharing                   : YES
Asynchronous To Synchronous        : NO
Shift Register Minimum Size        : 2
Use DSP Block                      : Auto
Automatic Register Balancing       : No

---- Target Options
LUT Combining                      : Auto
Reduce Control Sets                : Auto
Add IO Buffers                     : YES
Global Maximum Fanout              : 100000
Add Generic Clock Buffer(BUFG)     : 16
Register Duplication               : YES
Optimize Instantiated Primitives   : NO
Use Clock Enable                   : Auto
Use Synchronous Set                : Auto
Use Synchronous Reset              : Auto
Pack IO Registers into IOBs        : Auto
Equivalent register Removal        : YES

---- General Options
Optimization Goal                  : Speed
Optimization Effort                : 1
Power Reduction                    : NO
Keep Hierarchy                     : No
Netlist Hierarchy                  : As_Optimized
RTL Output                         : Yes
Global Optimization                : AllClockNets
Read Cores                         : YES
Write Timing Constraints           : NO
Cross Clock Analysis               : NO
Hierarchy Separator                : /
Bus Delimiter                      : <>
Case Specifier                     : Maintain
Slice Utilization Ratio            : 100
BRAM Utilization Ratio             : 100
DSP48 Utilization Ratio            : 100
Auto BRAM Packing                  : NO
Slice Utilization Ratio Delta      : 5

---- Other Options
Cores Search Directories           : {"ipcore_dir"  }

=========================================================================


=========================================================================
*                          HDL Parsing                                  *
=========================================================================
Analyzing Verilog file "E:\_processor_cores\nano-cpu32k\rtl\ncpu32k\ncpu32k_cell_dff_lr.v" into library work
Parsing verilog file "E:\_processor_cores\nano-cpu32k\rtl\ncpu32k\/ncpu32k_config.h" included at line 20.
Parsing module <ncpu32k_cell_dff_lr>.
Analyzing Verilog file "E:\_processor_cores\nano-cpu32k\rtl\pb_fb_bootrom\pb_fb_bootrom.v" into library work
Parsing verilog file "E:\_processor_cores\nano-cpu32k\rtl\ncpu32k\/ncpu32k_config.h" included at line 17.
Parsing module <pb_fb_bootrom>.

=========================================================================
*                            HDL Elaboration                            *
=========================================================================

Elaborating module <pb_fb_bootrom>.

Elaborating module <ncpu32k_cell_dff_lr(DW=1)>.

=========================================================================
*                           HDL Synthesis                               *
=========================================================================

Synthesizing Unit <pb_fb_bootrom>.
    Related source file is "E:\_processor_cores\nano-cpu32k\rtl\pb_fb_bootrom\pb_fb_bootrom.v".
        SIZE_BYTES = -1
        MEMH_FILE = "\0"
        ENABLE_BYPASS = -1
WARNING:Xst:647 - Input <cmd_addr<1:0>> is never used. This port will be preserved and left unconnected if it belongs to a top-level block or it belongs to a sub-block and the hierarchy of this sub-block is preserved.
WARNING:Xst:647 - Input <cmd_addr<31:11>> is never used. This port will be preserved and left unconnected if it belongs to a top-level block or it belongs to a sub-block and the hierarchy of this sub-block is preserved.
WARNING:Xst:3035 - Index value(s) does not match array range for signal <mem>, simulation mismatch.
    Found 1x32-bit single-port RAM <Mram_mem> for signal <mem>.
    Found 32-bit register for signal <dout>.
    Summary:
	inferred   1 RAM(s).
	inferred  32 D-type flip-flop(s).
	inferred   4 Multiplexer(s).
Unit <pb_fb_bootrom> synthesized.

Synthesizing Unit <ncpu32k_cell_dff_lr>.
    Related source file is "E:\_processor_cores\nano-cpu32k\rtl\ncpu32k\ncpu32k_cell_dff_lr.v".
        DW = 1
        RST_VECTOR = 1'b0
    Found 1-bit register for signal <Q>.
    Summary:
	inferred   1 D-type flip-flop(s).
Unit <ncpu32k_cell_dff_lr> synthesized.

=========================================================================
HDL Synthesis Report

Macro Statistics
# RAMs                                                 : 1
 1x32-bit single-port RAM                              : 1
# Registers                                            : 2
 1-bit register                                        : 1
 32-bit register                                       : 1
# Multiplexers                                         : 4
 8-bit 2-to-1 multiplexer                              : 4

=========================================================================

=========================================================================
*                       Advanced HDL Synthesis                          *
=========================================================================


Synthesizing (advanced) Unit <pb_fb_bootrom>.
INFO:Xst:3218 - HDL ADVISOR - The RAM <Mram_mem> will be implemented on LUTs either because you have described an asynchronous read or because of currently unsupported block RAM features. If you have described an asynchronous read, making it synchronous would allow you to take advantage of available block RAM resources, for optimized device usage and improved timings. Please refer to your documentation for coding guidelines.
    -----------------------------------------------------------------------
    | ram_type           | Distributed                         |          |
    -----------------------------------------------------------------------
    | Port A                                                              |
    |     aspect ratio   | 1-word x 32-bit                     |          |
    |     clkA           | connected to signal <clk>           | rise     |
    |     weA            | connected to signal <push>          | high     |
    |     addrA          | connected to signal <cmd_addr>      |          |
    |     diA            | connected to signal <(_n0101,_n0100,_n0099,_n0098)> |          |
    |     doA            | connected to internal node          |          |
    -----------------------------------------------------------------------
Unit <pb_fb_bootrom> synthesized (advanced).

=========================================================================
Advanced HDL Synthesis Report

Macro Statistics
# RAMs                                                 : 1
 1x32-bit single-port distributed RAM                  : 1
# Registers                                            : 33
 Flip-Flops                                            : 33
# Multiplexers                                         : 4
 8-bit 2-to-1 multiplexer                              : 4

=========================================================================

=========================================================================
*                         Low Level Synthesis                           *
=========================================================================

Optimizing unit <pb_fb_bootrom> ...

Mapping all equations...
Building and optimizing final netlist ...
Found area constraint ratio of 100 (+ 5) on block pb_fb_bootrom, actual ratio is 0.

Final Macro Processing ...

=========================================================================
Final Register Report

Macro Statistics
# Registers                                            : 33
 Flip-Flops                                            : 33

=========================================================================

=========================================================================
*                           Partition Report                            *
=========================================================================

Partition Implementation Status
-------------------------------

  No Partitions were found in this design.

-------------------------------

=========================================================================
*                            Design Summary                             *
=========================================================================

Top Level Output File Name         : pb_fb_bootrom.ngc

Primitive and Black Box Usage:
------------------------------
# BELS                             : 41
#      GND                         : 1
#      INV                         : 1
#      LUT2                        : 2
#      LUT3                        : 36
#      LUT6                        : 1
# FlipFlops/Latches                : 33
#      FDCE                        : 33
# RAMS                             : 32
#      RAM16X1S                    : 32
# Clock Buffers                    : 1
#      BUFGP                       : 1
# IO Buffers                       : 74
#      IBUF                        : 40
#      OBUF                        : 34

Device utilization summary:
---------------------------

Selected Device : 6slx16ftg256-2 


Slice Logic Utilization: 
 Number of Slice Registers:              33  out of  18224     0%  
 Number of Slice LUTs:                   72  out of   9112     0%  
    Number used as Logic:                40  out of   9112     0%  
    Number used as Memory:               32  out of   2176     1%  
       Number used as RAM:               32

Slice Logic Distribution: 
 Number of LUT Flip Flop pairs used:     72
   Number with an unused Flip Flop:      39  out of     72    54%  
   Number with an unused LUT:             0  out of     72     0%  
   Number of fully used LUT-FF pairs:    33  out of     72    45%  
   Number of unique control sets:         2

IO Utilization: 
 Number of IOs:                         106
 Number of bonded IOBs:                  75  out of    186    40%  

Specific Feature Utilization:
 Number of BUFG/BUFGCTRLs:                1  out of     16     6%  

---------------------------
Partition Resource Summary:
---------------------------

  No Partitions were found in this design.

---------------------------


=========================================================================
Timing Report

NOTE: THESE TIMING NUMBERS ARE ONLY A SYNTHESIS ESTIMATE.
      FOR ACCURATE TIMING INFORMATION PLEASE REFER TO THE TRACE REPORT
      GENERATED AFTER PLACE-and-ROUTE.

Clock Information:
------------------
-----------------------------------+------------------------+-------+
Clock Signal                       | Clock buffer(FF name)  | Load  |
-----------------------------------+------------------------+-------+
clk                                | BUFGP                  | 65    |
-----------------------------------+------------------------+-------+

Asynchronous Control Signals Information:
----------------------------------------
No asynchronous control signals found in this design

Timing Summary:
---------------
Speed Grade: -2

   Minimum period: 3.510ns (Maximum Frequency: 284.897MHz)
   Minimum input arrival time before clock: 5.628ns
   Maximum output required time after clock: 5.282ns
   Maximum combinational path delay: 6.155ns

Timing Details:
---------------
All values displayed in nanoseconds (ns)

=========================================================================
Timing constraint: Default period analysis for Clock 'clk'
  Clock period: 3.510ns (frequency: 284.897MHz)
  Total number of paths / destination ports: 130 / 130
-------------------------------------------------------------------------
Delay:               3.510ns (Levels of Logic = 1)
  Source:            dff_out_valid/Q_0 (FF)
  Destination:       dout_0 (FF)
  Source Clock:      clk rising
  Destination Clock: clk rising

  Data Path: dff_out_valid/Q_0 to dout_0
                                Gate     Net
    Cell:in->out      fanout   Delay   Delay  Logical Name (Net Name)
    ----------------------------------------  ------------
     FDCE:C->Q             7   0.525   0.910  dff_out_valid/Q_0 (dff_out_valid/Q_0)
     LUT6:I5->O           32   0.254   1.519  push_cmd_we_msk[3]_AND_3_o1 (push_cmd_we_msk[3]_AND_3_o)
     FDCE:CE                   0.302          dout_0
    ----------------------------------------
    Total                      3.510ns (1.081ns logic, 2.429ns route)
                                       (30.8% logic, 69.2% route)

=========================================================================
Timing constraint: Default OFFSET IN BEFORE for Clock 'clk'
  Total number of paths / destination ports: 453 / 195
-------------------------------------------------------------------------
Offset:              5.628ns (Levels of Logic = 3)
  Source:            cmd_we_msk<0> (PAD)
  Destination:       dout_0 (FF)
  Destination Clock: clk rising

  Data Path: cmd_we_msk<0> to dout_0
                                Gate     Net
    Cell:in->out      fanout   Delay   Delay  Logical Name (Net Name)
    ----------------------------------------  ------------
     IBUF:I->O             9   1.328   1.084  cmd_we_msk_0_IBUF (cmd_we_msk_0_IBUF)
     LUT2:I0->O            1   0.250   0.910  push_cmd_we_msk[3]_AND_3_o1_SW0 (N01)
     LUT6:I3->O           32   0.235   1.519  push_cmd_we_msk[3]_AND_3_o1 (push_cmd_we_msk[3]_AND_3_o)
     FDCE:CE                   0.302          dout_0
    ----------------------------------------
    Total                      5.628ns (2.115ns logic, 3.513ns route)
                                       (37.6% logic, 62.4% route)

=========================================================================
Timing constraint: Default OFFSET OUT AFTER for Clock 'clk'
  Total number of paths / destination ports: 34 / 34
-------------------------------------------------------------------------
Offset:              5.282ns (Levels of Logic = 2)
  Source:            dff_out_valid/Q_0 (FF)
  Destination:       cmd_ready (PAD)
  Source Clock:      clk rising

  Data Path: dff_out_valid/Q_0 to cmd_ready
                                Gate     Net
    Cell:in->out      fanout   Delay   Delay  Logical Name (Net Name)
    ----------------------------------------  ------------
     FDCE:C->Q             7   0.525   0.910  dff_out_valid/Q_0 (dff_out_valid/Q_0)
     LUT2:I1->O            1   0.254   0.681  cmd_ready11 (cmd_ready_OBUF)
     OBUF:I->O                 2.912          cmd_ready_OBUF (cmd_ready)
    ----------------------------------------
    Total                      5.282ns (3.691ns logic, 1.591ns route)
                                       (69.9% logic, 30.1% route)

=========================================================================
Timing constraint: Default path analysis
  Total number of paths / destination ports: 1 / 1
-------------------------------------------------------------------------
Delay:               6.155ns (Levels of Logic = 3)
  Source:            ready (PAD)
  Destination:       cmd_ready (PAD)

  Data Path: ready to cmd_ready
                                Gate     Net
    Cell:in->out      fanout   Delay   Delay  Logical Name (Net Name)
    ----------------------------------------  ------------
     IBUF:I->O             6   1.328   0.984  ready_IBUF (ready_IBUF)
     LUT2:I0->O            1   0.250   0.681  cmd_ready11 (cmd_ready_OBUF)
     OBUF:I->O                 2.912          cmd_ready_OBUF (cmd_ready)
    ----------------------------------------
    Total                      6.155ns (4.490ns logic, 1.665ns route)
                                       (72.9% logic, 27.1% route)

=========================================================================

Cross Clock Domains Report:
--------------------------

Clock to Setup on destination clock clk
---------------+---------+---------+---------+---------+
               | Src:Rise| Src:Fall| Src:Rise| Src:Fall|
Source Clock   |Dest:Rise|Dest:Rise|Dest:Fall|Dest:Fall|
---------------+---------+---------+---------+---------+
clk            |    3.510|         |         |         |
---------------+---------+---------+---------+---------+

=========================================================================


Total REAL time to Xst completion: 3.00 secs
Total CPU time to Xst completion: 3.01 secs
 
--> 

Total memory usage is 231652 kilobytes

Number of errors   :    0 (   0 filtered)
Number of warnings :    3 (   0 filtered)
Number of infos    :    1 (   0 filtered)

